[01:06:36] INFO    | สแกน data/finetune_raw ...
[01:06:36] INFO    | ✓ class_map.json | 72 คลาส | 5,368 ภาพ
[01:06:37] INFO    | คลาสที่ต้องจัดการพิเศษ:
  'ฃ' มี 1 ภาพ → VAL (train รอ augmented)
  'ฑ' มี 1 ภาพ → VAL (train รอ augmented)
  'ฬ' มี 3 ภาพ → train 2 / val 1
  '๗' มี 4 ภาพ → train 3 / val 1
[01:06:37] INFO    | ✓ ตรวจ leakage ผ่าน
[01:06:37] INFO    | 
====================================================================
SPLIT SUMMARY
====================================================================
  train :   4,292 ภาพ  (80.0%)
  val   :   1,076 ภาพ  (20.0%)
  รวม   :   5,368 ภาพ
--------------------------------------------------------------------
  คลาสที่ไม่มีข้อมูลใน train : 2  → ฃ ฑ
  คลาสที่ไม่มีข้อมูลใน val   : 0
--------------------------------------------------------------------
  10 คลาสที่เล็กที่สุดใน train:
  class      train     val
  ฃ              0       1
  ฑ              0       1
  ฬ              2       1
  ๗              3       1
  ฮ              8       2
  ฤ             10       3
  ๖             10       2
  ึ             11       3
  ๙             11       3
  ๔             13       3
====================================================================
[01:06:37] INFO    | ✓ บันทึก data/finetune_splits/train.csv และ data/finetune_splits/val.csv
[01:06:37] INFO    | ขั้นถัดไป: python -m src.offline_augment --min-count 200
